
> portfolio-react@0.0.0 build
> vite build

[36mvite v8.0.1 [32mbuilding client environment for production...[36m[39m
[2K
transforming...Γ£ô 741 modules transformed.
rendering chunks...
Γ£ù Build failed in 439ms
error during build:
Build failed with 1 error:

[MISSING_EXPORT] Error: "default" is not exported by "node_modules/react-github-calendar/build/index.js".
   Γò¡ΓöÇ[ src/components/About.jsx:2:8 ]
   Γöé
 2 Γöé import GitHubCalendar from "react-github-calendar";
   Γöé        ΓöÇΓöÇΓöÇΓöÇΓöÇΓöÇΓöÇΓö¼ΓöÇΓöÇΓöÇΓöÇΓöÇΓöÇ  
   Γöé               Γò░ΓöÇΓöÇΓöÇΓöÇΓöÇΓöÇΓöÇΓöÇ Missing export
ΓöÇΓöÇΓöÇΓò»

    at aggregateBindingErrorsIntoJsError (file:///C:/Users/swarn/Documents/react%20apps/Portfolio-react/node_modules/rolldown/dist/shared/error-BO4SlZV_.mjs:48:18)
    at unwrapBindingResult (file:///C:/Users/swarn/Documents/react%20apps/Portfolio-react/node_modules/rolldown/dist/shared/error-BO4SlZV_.mjs:18:128)
    at #build (file:///C:/Users/swarn/Documents/react%20apps/Portfolio-react/node_modules/rolldown/dist/shared/rolldown-build-yQC7KN8K.mjs:3311:34)
    at async buildEnvironment (file:///C:/Users/swarn/Documents/react%20apps/Portfolio-react/node_modules/vite/dist/node/chunks/node.js:32817:64)
    at async Object.build (file:///C:/Users/swarn/Documents/react%20apps/Portfolio-react/node_modules/vite/dist/node/chunks/node.js:33239:19)
    at async Object.buildApp (file:///C:/Users/swarn/Documents/react%20apps/Portfolio-react/node_modules/vite/dist/node/chunks/node.js:33236:153)
    at async CAC.<anonymous> (file:///C:/Users/swarn/Documents/react%20apps/Portfolio-react/node_modules/vite/dist/node/cli.js:778:3) {
  errors: [Getter/Setter]
}
